[0m[[0m[0mdebug[0m] [0m[0m> Exec(sbtStashOnFailure, None, None)[0m
[0m[[0m[0mdebug[0m] [0m[0m> Exec(sbtMapExec db8218f8-d0b5-4309-9521-39fbc4819c7c __502f8a56-11fd-48bb-8731-97df76cf1bac, None, None)[0m
[0m[[0m[0mdebug[0m] [0m[0m> Exec(run, Some(__502f8a56-11fd-48bb-8731-97df76cf1bac), Some(CommandSource(network-14)))[0m
[0m[[0m[0mdebug[0m] [0m[0mjsonRpcNotify: JsonRpcNotificationMessage(2.0, build/logMessage, {"type":4,"message":"Processing sbt/exec"})[0m
[0m[[0m[0mdebug[0m] [0m[0mEvaluating tasks: Compile / run[0m
[0m[[0m[0mdebug[0m] [0m[0mRunning task... Cancel: Signal, check cycles: false, forcegc: true[0m
[0m[[0m[0mdebug[0m] [0m[0mjsonRpcNotify: JsonRpcNotificationMessage(2.0, build/taskStart, {"taskId":{"id":"12","parents":[]},"eventTime":1790663890358,"message":"Compiling root","dataKind":"compile-task","data":{"target":{"uri":"file:/C:/Users/chidi/Desktop/Scala_Project/#root/Compile"}}})[0m
[0m[[0m[0minfo[0m] [0m[0mcompiling 2 Scala sources to C:\Users\chidi\Desktop\Scala_Project\target\out\jvm\scala-3.7.3\scala_poker_simulator\classes ...[0m
[0m[[0m[0mdebug[0m] [0m[0mjsonRpcNotify: JsonRpcNotificationMessage(2.0, build/logMessage, {"type":3,"message":"compiling 2 Scala sources to C:\\Users\\chidi\\Desktop\\Scala_Project\\target\\out\\jvm\\scala-3.7.3\\scala_poker_simulator\\classes ..."})[0m
[0m[[0m[0mdebug[0m] [0m[0mjsonRpcNotify: JsonRpcNotificationMessage(2.0, build/taskProgress, {"taskId":{"id":"12","parents":[]},"eventTime":1790663890425,"message":"Compiling root (5%)","total":60,"progress":5,"dataKind":"compile-progress","data":{"target":{"uri":"file:/C:/Users/chidi/Desktop/Scala_Project/#root/Compile"}}})[0m
[0m[[0m[0mdebug[0m] [0m[0mjsonRpcNotify: JsonRpcNotificationMessage(2.0, build/taskProgress, {"taskId":{"id":"12","parents":[]},"eventTime":1790663890527,"message":"Compiling root (10%)","total":60,"progress":10,"dataKind":"compile-progress","data":{"target":{"uri":"file:/C:/Users/chidi/Desktop/Scala_Project/#root/Compile"}}})[0m
[0m[[0m[0mdebug[0m] [0m[0mjsonRpcNotify: JsonRpcNotificationMessage(2.0, build/taskProgress, {"taskId":{"id":"12","parents":[]},"eventTime":1790663890527,"message":"Compiling root (10%)","total":60,"progress":10,"dataKind":"compile-progress","data":{"target":{"uri":"file:/C:/Users/chidi/Desktop/Scala_Project/#root/Compile"}}})[0m
[0m[[0m[0mdebug[0m] [0m[0mjsonRpcNotify: JsonRpcNotificationMessage(2.0, build/taskProgress, {"taskId":{"id":"12","parents":[]},"eventTime":1790663890527,"message":"Compiling root (15%)","total":60,"progress":15,"dataKind":"compile-progress","data":{"target":{"uri":"file:/C:/Users/chidi/Desktop/Scala_Project/#root/Compile"}}})[0m
[0m[[0m[0mdebug[0m] [0m[0mjsonRpcNotify: JsonRpcNotificationMessage(2.0, build/taskProgress, {"taskId":{"id":"12","parents":[]},"eventTime":1790663890533,"message":"Compiling root (20%)","total":60,"progress":20,"dataKind":"compile-progress","data":{"target":{"uri":"file:/C:/Users/chidi/Desktop/Scala_Project/#root/Compile"}}})[0m
[0m[[0m[0mdebug[0m] [0m[0mjsonRpcNotify: JsonRpcNotificationMessage(2.0, build/taskProgress, {"taskId":{"id":"12","parents":[]},"eventTime":1790663890533,"message":"Compiling root (20%)","total":60,"progress":20,"dataKind":"compile-progress","data":{"target":{"uri":"file:/C:/Users/chidi/Desktop/Scala_Project/#root/Compile"}}})[0m
[0m[[0m[0mdebug[0m] [0m[0mjsonRpcNotify: JsonRpcNotificationMessage(2.0, build/taskProgress, {"taskId":{"id":"12","parents":[]},"eventTime":1790663890533,"message":"Compiling root (20%)","total":58,"progress":20,"dataKind":"compile-progress","data":{"target":{"uri":"file:/C:/Users/chidi/Desktop/Scala_Project/#root/Compile"}}})[0m
[0m[[0m[0mdebug[0m] [0m[0mjsonRpcNotify: JsonRpcNotificationMessage(2.0, build/taskProgress, {"taskId":{"id":"12","parents":[]},"eventTime":1790663890552,"message":"Compiling root (25%)","total":58,"progress":25,"dataKind":"compile-progress","data":{"target":{"uri":"file:/C:/Users/chidi/Desktop/Scala_Project/#root/Compile"}}})[0m
[0m[[0m[0mdebug[0m] [0m[0mjsonRpcNotify: JsonRpcNotificationMessage(2.0, build/taskProgress, {"taskId":{"id":"12","parents":[]},"eventTime":1790663890556,"message":"Compiling root (30%)","total":56,"progress":30,"dataKind":"compile-progress","data":{"target":{"uri":"file:/C:/Users/chidi/Desktop/Scala_Project/#root/Compile"}}})[0m
[0m[[0m[0mdebug[0m] [0m[0mjsonRpcNotify: JsonRpcNotificationMessage(2.0, build/taskProgress, {"taskId":{"id":"12","parents":[]},"eventTime":1790663890567,"message":"Compiling root (35%)","total":56,"progress":35,"dataKind":"compile-progress","data":{"target":{"uri":"file:/C:/Users/chidi/Desktop/Scala_Project/#root/Compile"}}})[0m
[0m[[0m[0mdebug[0m] [0m[0mjsonRpcNotify: JsonRpcNotificationMessage(2.0, build/taskProgress, {"taskId":{"id":"12","parents":[]},"eventTime":1790663890569,"message":"Compiling root (35%)","total":56,"progress":35,"dataKind":"compile-progress","data":{"target":{"uri":"file:/C:/Users/chidi/Desktop/Scala_Project/#root/Compile"}}})[0m
[0m[[0m[0mdebug[0m] [0m[0mjsonRpcNotify: JsonRpcNotificationMessage(2.0, build/taskProgress, {"taskId":{"id":"12","parents":[]},"eventTime":1790663890569,"message":"Compiling root (50%)","total":56,"progress":50,"dataKind":"compile-progress","data":{"target":{"uri":"file:/C:/Users/chidi/Desktop/Scala_Project/#root/Compile"}}})[0m
[0m[[0m[0mdebug[0m] [0m[0mjsonRpcNotify: JsonRpcNotificationMessage(2.0, build/taskProgress, {"taskId":{"id":"12","parents":[]},"eventTime":1790663890569,"message":"Compiling root (50%)","total":56,"progress":50,"dataKind":"compile-progress","data":{"target":{"uri":"file:/C:/Users/chidi/Desktop/Scala_Project/#root/Compile"}}})[0m
[0m[[0m[0mdebug[0m] [0m[0mjsonRpcNotify: JsonRpcNotificationMessage(2.0, build/taskProgress, {"taskId":{"id":"12","parents":[]},"eventTime":1790663890572,"message":"Compiling root (55%)","total":56,"progress":55,"dataKind":"compile-progress","data":{"target":{"uri":"file:/C:/Users/chidi/Desktop/Scala_Project/#root/Compile"}}})[0m
[0m[[0m[0mdebug[0m] [0m[0mjsonRpcNotify: JsonRpcNotificationMessage(2.0, build/taskProgress, {"taskId":{"id":"12","parents":[]},"eventTime":1790663890601,"message":"Compiling root (65%)","total":52,"progress":65,"dataKind":"compile-progress","data":{"target":{"uri":"file:/C:/Users/chidi/Desktop/Scala_Project/#root/Compile"}}})[0m
[0m[[0m[0mdebug[0m] [0m[0mjsonRpcNotify: JsonRpcNotificationMessage(2.0, build/taskProgress, {"taskId":{"id":"12","parents":[]},"eventTime":1790663890602,"message":"Compiling root (70%)","total":50,"progress":70,"dataKind":"compile-progress","data":{"target":{"uri":"file:/C:/Users/chidi/Desktop/Scala_Project/#root/Compile"}}})[0m
[0m[[0m[0mdebug[0m] [0m[0mjsonRpcNotify: JsonRpcNotificationMessage(2.0, build/taskProgress, {"taskId":{"id":"12","parents":[]},"eventTime":1790663890715,"message":"Compiling root (80%)","total":50,"progress":80,"dataKind":"compile-progress","data":{"target":{"uri":"file:/C:/Users/chidi/Desktop/Scala_Project/#root/Compile"}}})[0m
[0m[[0m[0mdebug[0m] [0m[0mjsonRpcNotify: JsonRpcNotificationMessage(2.0, build/taskProgress, {"taskId":{"id":"12","parents":[]},"eventTime":1790663890716,"message":"Compiling root (80%)","total":50,"progress":80,"dataKind":"compile-progress","data":{"target":{"uri":"file:/C:/Users/chidi/Desktop/Scala_Project/#root/Compile"}}})[0m
[0m[[0m[0mdebug[0m] [0m[0mjsonRpcNotify: JsonRpcNotificationMessage(2.0, build/taskProgress, {"taskId":{"id":"12","parents":[]},"eventTime":1790663890748,"message":"Compiling root (90%)","total":50,"progress":90,"dataKind":"compile-progress","data":{"target":{"uri":"file:/C:/Users/chidi/Desktop/Scala_Project/#root/Compile"}}})[0m
[0m[[0m[0mdebug[0m] [0m[0mjsonRpcNotify: JsonRpcNotificationMessage(2.0, build/taskProgress, {"taskId":{"id":"12","parents":[]},"eventTime":1790663890844,"message":"Compiling root (100%)","total":50,"progress":100,"dataKind":"compile-progress","data":{"target":{"uri":"file:/C:/Users/chidi/Desktop/Scala_Project/#root/Compile"}}})[0m
[0m[[0m[0mdebug[0m] [0m[0mjsonRpcNotify: JsonRpcNotificationMessage(2.0, build/publishDiagnostics, {"textDocument":{"uri":"file:///C:/Users/chidi/Desktop/Scala_Project/Main.scala"},"buildTarget":{"uri":"file:/C:/Users/chidi/Desktop/Scala_Project/#root/Compile"},"diagnostics":[],"reset":true})[0m
[0m[[0m[0mdebug[0m] [0m[0mjsonRpcNotify: JsonRpcNotificationMessage(2.0, build/publishDiagnostics, {"textDocument":{"uri":"file:///C:/Users/chidi/Desktop/Scala_Project/model/GameState.scala"},"buildTarget":{"uri":"file:/C:/Users/chidi/Desktop/Scala_Project/#root/Compile"},"diagnostics":[],"reset":true})[0m
[0m[[0m[0mdebug[0m] [0m[0mjsonRpcNotify: JsonRpcNotificationMessage(2.0, build/taskFinish, {"taskId":{"id":"12","parents":[]},"eventTime":1790663891099,"message":"Compiled root","status":1,"dataKind":"compile-report","data":{"target":{"uri":"file:/C:/Users/chidi/Desktop/Scala_Project/#root/Compile"},"errors":0,"warnings":0,"time":741,"noOp":false}})[0m
[0m[[0m[0mdebug[0m] [0m[0mjsonRpcNotify: JsonRpcNotificationMessage(2.0, sbt/clientJob, {"runInfo":{"jvm":true,"jvmRunInfo":{"args":[],"classpath":[{"path":"file:///C:/Users/chidi/Desktop/Scala_Project/target/bg-jobs/sbt_46b69e7e/job-6/target/4af79d98/e544e458/scala_poker_simulator_3-0.1.0-SNAPSHOT.jar","digest":""},{"path":"file:///C:/Users/chidi/Desktop/Scala_Project/target/bg-jobs/sbt_46b69e7e/target/5b7d0e72/5eab82c4/scala3-library_3-3.7.3.jar","digest":""},{"path":"file:///C:/Users/chidi/Desktop/Scala_Project/target/bg-jobs/sbt_46b69e7e/target/6064c69e/fad3f224/scala-library-2.13.16.jar","digest":""}],"mainClass":"main","connectInput":true,"javaHome":"file:///C:/Program%20Files/Java/jdk-21","workingDirectory":"file:///C:/Users/chidi/Desktop/Scala_Project","jvmOptions":[],"environmentVariables":{},"inputs":[],"outputs":[]},"windowTitle":"sbt run: scala_poker_simulator % Scala_Poker_Simulator % 0.1.0-SNAPSHOT"}})[0m
[0m[[0m[0mdebug[0m] [0m[0m> Exec(sbtCompleteExec db8218f8-d0b5-4309-9521-39fbc4819c7c, None, None)[0m
[0m[[0m[0mdebug[0m] [0m[0m> Exec(resumeFromFailure, None, None)[0m
[0m[[0m[0mdebug[0m] [0m[0m> Exec(sbtPopOnFailure, None, None)[0m
[0m[[0m[0mdebug[0m] [0m[0m> Exec(sbtReportResult db8218f8-d0b5-4309-9521-39fbc4819c7c, Some(db8218f8-d0b5-4309-9521-39fbc4819c7c), Some(CommandSource(network-14)))[0m
[0m[[0m[0mdebug[0m] [0m[0mjsonRpcNotify: JsonRpcNotificationMessage(2.0, build/logMessage, {"type":4,"message":"Processing sbt/exec"})[0m
[0m[[0m[0mdebug[0m] [0m[0m> Exec(shell, None, None)[0m
[0m[[0m[0mdebug[0m] [0m[0mjsonRpcRequest: JsonRpcRequestMessage(2.0, 816751ed-0054-4e6d-911d-fb6970c89088, sbt/terminalPropertiesQuery, ""})[0m
[0m[[0m[0mdebug[0m] [0m[0mjsonRpcNotify: JsonRpcNotificationMessage(2.0, shutdown, [false,null])[0m
