[0m[[0m[0mdebug[0m] [0m[0m> Exec(sbtStashOnFailure, None, None)[0m
[0m[[0m[0mdebug[0m] [0m[0m> Exec(sbtMapExec ee565d92-47f1-40b4-a098-f373558ecf2d __851e1f92-e38f-4cda-a935-9998c809f54d, None, None)[0m
[0m[[0m[0mdebug[0m] [0m[0m> Exec(run, Some(__851e1f92-e38f-4cda-a935-9998c809f54d), Some(CommandSource(network-5)))[0m
[0m[[0m[0mdebug[0m] [0m[0mjsonRpcNotify: JsonRpcNotificationMessage(2.0, build/logMessage, {"type":4,"message":"Processing sbt/exec"})[0m
[0m[[0m[0mdebug[0m] [0m[0mEvaluating tasks: Compile / run[0m
[0m[[0m[0mdebug[0m] [0m[0mRunning task... Cancel: Signal, check cycles: false, forcegc: true[0m
[0m[[0m[0mdebug[0m] [0m[0mjsonRpcNotify: JsonRpcNotificationMessage(2.0, build/taskStart, {"taskId":{"id":"5","parents":[]},"eventTime":1790060747009,"message":"Compiling root","dataKind":"compile-task","data":{"target":{"uri":"file:/C:/Users/chidi/Desktop/Scala_Project/#root/Compile"}}})[0m
[0m[[0m[0minfo[0m] [0m[0mcompiling 3 Scala sources to C:\Users\chidi\Desktop\Scala_Project\target\out\jvm\scala-3.7.3\scala_poker_simulator\classes ...[0m
[0m[[0m[0mdebug[0m] [0m[0mjsonRpcNotify: JsonRpcNotificationMessage(2.0, build/logMessage, {"type":3,"message":"compiling 3 Scala sources to C:\\Users\\chidi\\Desktop\\Scala_Project\\target\\out\\jvm\\scala-3.7.3\\scala_poker_simulator\\classes ..."})[0m
[0m[[0m[0mdebug[0m] [0m[0mjsonRpcNotify: JsonRpcNotificationMessage(2.0, build/taskProgress, {"taskId":{"id":"5","parents":[]},"eventTime":1790060747130,"message":"Compiling root (5%)","total":90,"progress":5,"dataKind":"compile-progress","data":{"target":{"uri":"file:/C:/Users/chidi/Desktop/Scala_Project/#root/Compile"}}})[0m
[0m[[0m[0mdebug[0m] [0m[0mjsonRpcNotify: JsonRpcNotificationMessage(2.0, build/taskProgress, {"taskId":{"id":"5","parents":[]},"eventTime":1790060747368,"message":"Compiling root (10%)","total":90,"progress":10,"dataKind":"compile-progress","data":{"target":{"uri":"file:/C:/Users/chidi/Desktop/Scala_Project/#root/Compile"}}})[0m
[0m[[0m[0mdebug[0m] [0m[0mjsonRpcNotify: JsonRpcNotificationMessage(2.0, build/taskProgress, {"taskId":{"id":"5","parents":[]},"eventTime":1790060747369,"message":"Compiling root (10%)","total":90,"progress":10,"dataKind":"compile-progress","data":{"target":{"uri":"file:/C:/Users/chidi/Desktop/Scala_Project/#root/Compile"}}})[0m
[0m[[0m[0mdebug[0m] [0m[0mjsonRpcNotify: JsonRpcNotificationMessage(2.0, build/taskProgress, {"taskId":{"id":"5","parents":[]},"eventTime":1790060747370,"message":"Compiling root (15%)","total":90,"progress":15,"dataKind":"compile-progress","data":{"target":{"uri":"file:/C:/Users/chidi/Desktop/Scala_Project/#root/Compile"}}})[0m
[0m[[0m[0mdebug[0m] [0m[0mjsonRpcNotify: JsonRpcNotificationMessage(2.0, build/taskProgress, {"taskId":{"id":"5","parents":[]},"eventTime":1790060747394,"message":"Compiling root (20%)","total":90,"progress":20,"dataKind":"compile-progress","data":{"target":{"uri":"file:/C:/Users/chidi/Desktop/Scala_Project/#root/Compile"}}})[0m
[0m[[0m[0mdebug[0m] [0m[0mjsonRpcNotify: JsonRpcNotificationMessage(2.0, build/taskProgress, {"taskId":{"id":"5","parents":[]},"eventTime":1790060747395,"message":"Compiling root (20%)","total":90,"progress":20,"dataKind":"compile-progress","data":{"target":{"uri":"file:/C:/Users/chidi/Desktop/Scala_Project/#root/Compile"}}})[0m
[0m[[0m[0mdebug[0m] [0m[0mjsonRpcNotify: JsonRpcNotificationMessage(2.0, build/taskProgress, {"taskId":{"id":"5","parents":[]},"eventTime":1790060747396,"message":"Compiling root (20%)","total":87,"progress":20,"dataKind":"compile-progress","data":{"target":{"uri":"file:/C:/Users/chidi/Desktop/Scala_Project/#root/Compile"}}})[0m
[0m[[0m[0mdebug[0m] [0m[0mjsonRpcNotify: JsonRpcNotificationMessage(2.0, build/taskProgress, {"taskId":{"id":"5","parents":[]},"eventTime":1790060747442,"message":"Compiling root (25%)","total":87,"progress":25,"dataKind":"compile-progress","data":{"target":{"uri":"file:/C:/Users/chidi/Desktop/Scala_Project/#root/Compile"}}})[0m
[0m[[0m[0mdebug[0m] [0m[0mjsonRpcNotify: JsonRpcNotificationMessage(2.0, build/taskProgress, {"taskId":{"id":"5","parents":[]},"eventTime":1790060747460,"message":"Compiling root (30%)","total":84,"progress":30,"dataKind":"compile-progress","data":{"target":{"uri":"file:/C:/Users/chidi/Desktop/Scala_Project/#root/Compile"}}})[0m
[0m[[0m[0mdebug[0m] [0m[0mjsonRpcNotify: JsonRpcNotificationMessage(2.0, build/taskProgress, {"taskId":{"id":"5","parents":[]},"eventTime":1790060747478,"message":"Compiling root (35%)","total":84,"progress":35,"dataKind":"compile-progress","data":{"target":{"uri":"file:/C:/Users/chidi/Desktop/Scala_Project/#root/Compile"}}})[0m
[0m[[0m[0mdebug[0m] [0m[0mjsonRpcNotify: JsonRpcNotificationMessage(2.0, build/taskProgress, {"taskId":{"id":"5","parents":[]},"eventTime":1790060747480,"message":"Compiling root (35%)","total":84,"progress":35,"dataKind":"compile-progress","data":{"target":{"uri":"file:/C:/Users/chidi/Desktop/Scala_Project/#root/Compile"}}})[0m
[0m[[0m[0mdebug[0m] [0m[0mjsonRpcNotify: JsonRpcNotificationMessage(2.0, build/taskProgress, {"taskId":{"id":"5","parents":[]},"eventTime":1790060747481,"message":"Compiling root (40%)","total":84,"progress":40,"dataKind":"compile-progress","data":{"target":{"uri":"file:/C:/Users/chidi/Desktop/Scala_Project/#root/Compile"}}})[0m
[0m[[0m[0mdebug[0m] [0m[0mjsonRpcNotify: JsonRpcNotificationMessage(2.0, build/taskProgress, {"taskId":{"id":"5","parents":[]},"eventTime":1790060747481,"message":"Compiling root (45%)","total":84,"progress":45,"dataKind":"compile-progress","data":{"target":{"uri":"file:/C:/Users/chidi/Desktop/Scala_Project/#root/Compile"}}})[0m
[0m[[0m[0mdebug[0m] [0m[0mjsonRpcNotify: JsonRpcNotificationMessage(2.0, build/taskProgress, {"taskId":{"id":"5","parents":[]},"eventTime":1790060747481,"message":"Compiling root (50%)","total":84,"progress":50,"dataKind":"compile-progress","data":{"target":{"uri":"file:/C:/Users/chidi/Desktop/Scala_Project/#root/Compile"}}})[0m
[0m[[0m[0mdebug[0m] [0m[0mjsonRpcNotify: JsonRpcNotificationMessage(2.0, build/taskProgress, {"taskId":{"id":"5","parents":[]},"eventTime":1790060747482,"message":"Compiling root (50%)","total":84,"progress":50,"dataKind":"compile-progress","data":{"target":{"uri":"file:/C:/Users/chidi/Desktop/Scala_Project/#root/Compile"}}})[0m
[0m[[0m[0mdebug[0m] [0m[0mjsonRpcNotify: JsonRpcNotificationMessage(2.0, build/taskProgress, {"taskId":{"id":"5","parents":[]},"eventTime":1790060747508,"message":"Compiling root (55%)","total":84,"progress":55,"dataKind":"compile-progress","data":{"target":{"uri":"file:/C:/Users/chidi/Desktop/Scala_Project/#root/Compile"}}})[0m
[0m[[0m[0mdebug[0m] [0m[0mjsonRpcNotify: JsonRpcNotificationMessage(2.0, build/taskProgress, {"taskId":{"id":"5","parents":[]},"eventTime":1790060747512,"message":"Compiling root (60%)","total":81,"progress":60,"dataKind":"compile-progress","data":{"target":{"uri":"file:/C:/Users/chidi/Desktop/Scala_Project/#root/Compile"}}})[0m
[0m[[0m[0mdebug[0m] [0m[0mjsonRpcNotify: JsonRpcNotificationMessage(2.0, build/taskProgress, {"taskId":{"id":"5","parents":[]},"eventTime":1790060747540,"message":"Compiling root (65%)","total":78,"progress":65,"dataKind":"compile-progress","data":{"target":{"uri":"file:/C:/Users/chidi/Desktop/Scala_Project/#root/Compile"}}})[0m
[0m[[0m[0mdebug[0m] [0m[0mjsonRpcNotify: JsonRpcNotificationMessage(2.0, build/taskProgress, {"taskId":{"id":"5","parents":[]},"eventTime":1790060747544,"message":"Compiling root (70%)","total":75,"progress":70,"dataKind":"compile-progress","data":{"target":{"uri":"file:/C:/Users/chidi/Desktop/Scala_Project/#root/Compile"}}})[0m
[0m[[0m[0mdebug[0m] [0m[0mjsonRpcNotify: JsonRpcNotificationMessage(2.0, build/taskProgress, {"taskId":{"id":"5","parents":[]},"eventTime":1790060747679,"message":"Compiling root (80%)","total":75,"progress":80,"dataKind":"compile-progress","data":{"target":{"uri":"file:/C:/Users/chidi/Desktop/Scala_Project/#root/Compile"}}})[0m
[0m[[0m[0mdebug[0m] [0m[0mjsonRpcNotify: JsonRpcNotificationMessage(2.0, build/taskProgress, {"taskId":{"id":"5","parents":[]},"eventTime":1790060747679,"message":"Compiling root (80%)","total":75,"progress":80,"dataKind":"compile-progress","data":{"target":{"uri":"file:/C:/Users/chidi/Desktop/Scala_Project/#root/Compile"}}})[0m
[0m[[0m[0mdebug[0m] [0m[0mjsonRpcNotify: JsonRpcNotificationMessage(2.0, build/taskProgress, {"taskId":{"id":"5","parents":[]},"eventTime":1790060747726,"message":"Compiling root (85%)","total":75,"progress":85,"dataKind":"compile-progress","data":{"target":{"uri":"file:/C:/Users/chidi/Desktop/Scala_Project/#root/Compile"}}})[0m
[0m[[0m[0mdebug[0m] [0m[0mjsonRpcNotify: JsonRpcNotificationMessage(2.0, build/taskProgress, {"taskId":{"id":"5","parents":[]},"eventTime":1790060747765,"message":"Compiling root (90%)","total":75,"progress":90,"dataKind":"compile-progress","data":{"target":{"uri":"file:/C:/Users/chidi/Desktop/Scala_Project/#root/Compile"}}})[0m
[0m[[0m[0mdebug[0m] [0m[0mjsonRpcRequest: JsonRpcRequestMessage(2.0, dd7fcff4-bcf3-4b8a-94ce-546e18edd9d5, sbt/terminalPropertiesQuery, ""})[0m
[0m[[0m[0mdebug[0m] [0m[0mjsonRpcNotify: JsonRpcNotificationMessage(2.0, build/taskProgress, {"taskId":{"id":"5","parents":[]},"eventTime":1790060748088,"message":"Compiling root (100%)","total":75,"progress":100,"dataKind":"compile-progress","data":{"target":{"uri":"file:/C:/Users/chidi/Desktop/Scala_Project/#root/Compile"}}})[0m
[0m[[0m[0mdebug[0m] [0m[0mjsonRpcNotify: JsonRpcNotificationMessage(2.0, build/publishDiagnostics, {"textDocument":{"uri":"file:///C:/Users/chidi/Desktop/Scala_Project/model/Deck.scala"},"buildTarget":{"uri":"file:/C:/Users/chidi/Desktop/Scala_Project/#root/Compile"},"diagnostics":[],"reset":true})[0m
[0m[[0m[0mdebug[0m] [0m[0mjsonRpcNotify: JsonRpcNotificationMessage(2.0, build/taskFinish, {"taskId":{"id":"5","parents":[]},"eventTime":1790060748258,"message":"Compiled root","status":1,"dataKind":"compile-report","data":{"target":{"uri":"file:/C:/Users/chidi/Desktop/Scala_Project/#root/Compile"},"errors":0,"warnings":0,"time":1249,"noOp":false}})[0m
[0m[[0m[0mdebug[0m] [0m[0mjsonRpcNotify: JsonRpcNotificationMessage(2.0, sbt/clientJob, {"runInfo":{"jvm":true,"jvmRunInfo":{"args":[],"classpath":[{"path":"file:///C:/Users/chidi/Desktop/Scala_Project/target/bg-jobs/sbt_5cca55a1/job-2/target/4af79d98/e9371353/scala_poker_simulator_3-0.1.0-SNAPSHOT.jar","digest":""},{"path":"file:///C:/Users/chidi/Desktop/Scala_Project/target/bg-jobs/sbt_5cca55a1/target/5b7d0e72/5eab82c4/scala3-library_3-3.7.3.jar","digest":""},{"path":"file:///C:/Users/chidi/Desktop/Scala_Project/target/bg-jobs/sbt_5cca55a1/target/6064c69e/fad3f224/scala-library-2.13.16.jar","digest":""}],"mainClass":"main","connectInput":true,"javaHome":"file:///C:/Program%20Files/Java/jdk-21","workingDirectory":"file:///C:/Users/chidi/Desktop/Scala_Project","jvmOptions":[],"environmentVariables":{},"inputs":[],"outputs":[]},"windowTitle":"sbt run: scala_poker_simulator % Scala_Poker_Simulator % 0.1.0-SNAPSHOT"}})[0m
[0m[[0m[0mdebug[0m] [0m[0m> Exec(sbtCompleteExec ee565d92-47f1-40b4-a098-f373558ecf2d, None, None)[0m
[0m[[0m[0mdebug[0m] [0m[0m> Exec(resumeFromFailure, None, None)[0m
[0m[[0m[0mdebug[0m] [0m[0m> Exec(sbtPopOnFailure, None, None)[0m
[0m[[0m[0mdebug[0m] [0m[0m> Exec(sbtReportResult ee565d92-47f1-40b4-a098-f373558ecf2d, Some(ee565d92-47f1-40b4-a098-f373558ecf2d), Some(CommandSource(network-5)))[0m
[0m[[0m[0mdebug[0m] [0m[0mjsonRpcNotify: JsonRpcNotificationMessage(2.0, build/logMessage, {"type":4,"message":"Processing sbt/exec"})[0m
[0m[[0m[0mdebug[0m] [0m[0m> Exec(shell, None, None)[0m
[0m[[0m[0mdebug[0m] [0m[0mjsonRpcNotify: JsonRpcNotificationMessage(2.0, shutdown, [false,null])[0m
