[0m[[0m[0mdebug[0m] [0m[0m> Exec(sbtStashOnFailure, None, None)[0m
[0m[[0m[0mdebug[0m] [0m[0m> Exec(sbtMapExec 1f43464b-b1ad-4cf6-b592-33aa82e6daf3 __66bd386a-3a05-46b4-9024-6d3ab5379f78, None, None)[0m
[0m[[0m[0mdebug[0m] [0m[0m> Exec(run, Some(__66bd386a-3a05-46b4-9024-6d3ab5379f78), Some(CommandSource(network-10)))[0m
[0m[[0m[0mdebug[0m] [0m[0mjsonRpcNotify: JsonRpcNotificationMessage(2.0, build/logMessage, {"type":4,"message":"Processing sbt/exec"})[0m
[0m[[0m[0mdebug[0m] [0m[0mEvaluating tasks: Compile / run[0m
[0m[[0m[0mdebug[0m] [0m[0mRunning task... Cancel: Signal, check cycles: false, forcegc: true[0m
[0m[[0m[0mdebug[0m] [0m[0mjsonRpcNotify: JsonRpcNotificationMessage(2.0, build/taskStart, {"taskId":{"id":"9","parents":[]},"eventTime":1790061368760,"message":"Compiling root","dataKind":"compile-task","data":{"target":{"uri":"file:/C:/Users/chidi/Desktop/Scala_Project/#root/Compile"}}})[0m
[0m[[0m[0minfo[0m] [0m[0mcompiling 3 Scala sources to C:\Users\chidi\Desktop\Scala_Project\target\out\jvm\scala-3.7.3\scala_poker_simulator\classes ...[0m
[0m[[0m[0mdebug[0m] [0m[0mjsonRpcNotify: JsonRpcNotificationMessage(2.0, build/logMessage, {"type":3,"message":"compiling 3 Scala sources to C:\\Users\\chidi\\Desktop\\Scala_Project\\target\\out\\jvm\\scala-3.7.3\\scala_poker_simulator\\classes ..."})[0m
[0m[[0m[0mdebug[0m] [0m[0mjsonRpcNotify: JsonRpcNotificationMessage(2.0, build/taskProgress, {"taskId":{"id":"9","parents":[]},"eventTime":1790061368863,"message":"Compiling root (5%)","total":90,"progress":5,"dataKind":"compile-progress","data":{"target":{"uri":"file:/C:/Users/chidi/Desktop/Scala_Project/#root/Compile"}}})[0m
[0m[[0m[0mdebug[0m] [0m[0mjsonRpcNotify: JsonRpcNotificationMessage(2.0, build/taskProgress, {"taskId":{"id":"9","parents":[]},"eventTime":1790061368964,"message":"Compiling root (10%)","total":90,"progress":10,"dataKind":"compile-progress","data":{"target":{"uri":"file:/C:/Users/chidi/Desktop/Scala_Project/#root/Compile"}}})[0m
[0m[[0m[0mdebug[0m] [0m[0mjsonRpcNotify: JsonRpcNotificationMessage(2.0, build/taskProgress, {"taskId":{"id":"9","parents":[]},"eventTime":1790061368968,"message":"Compiling root (10%)","total":90,"progress":10,"dataKind":"compile-progress","data":{"target":{"uri":"file:/C:/Users/chidi/Desktop/Scala_Project/#root/Compile"}}})[0m
[0m[[0m[0mdebug[0m] [0m[0mjsonRpcNotify: JsonRpcNotificationMessage(2.0, build/taskProgress, {"taskId":{"id":"9","parents":[]},"eventTime":1790061368968,"message":"Compiling root (15%)","total":90,"progress":15,"dataKind":"compile-progress","data":{"target":{"uri":"file:/C:/Users/chidi/Desktop/Scala_Project/#root/Compile"}}})[0m
[0m[[0m[0mdebug[0m] [0m[0mjsonRpcNotify: JsonRpcNotificationMessage(2.0, build/taskProgress, {"taskId":{"id":"9","parents":[]},"eventTime":1790061368985,"message":"Compiling root (20%)","total":90,"progress":20,"dataKind":"compile-progress","data":{"target":{"uri":"file:/C:/Users/chidi/Desktop/Scala_Project/#root/Compile"}}})[0m
[0m[[0m[0mdebug[0m] [0m[0mjsonRpcNotify: JsonRpcNotificationMessage(2.0, build/taskProgress, {"taskId":{"id":"9","parents":[]},"eventTime":1790061368985,"message":"Compiling root (20%)","total":90,"progress":20,"dataKind":"compile-progress","data":{"target":{"uri":"file:/C:/Users/chidi/Desktop/Scala_Project/#root/Compile"}}})[0m
[0m[[0m[0mdebug[0m] [0m[0mjsonRpcNotify: JsonRpcNotificationMessage(2.0, build/taskProgress, {"taskId":{"id":"9","parents":[]},"eventTime":1790061368986,"message":"Compiling root (20%)","total":87,"progress":20,"dataKind":"compile-progress","data":{"target":{"uri":"file:/C:/Users/chidi/Desktop/Scala_Project/#root/Compile"}}})[0m
[0m[[0m[0mdebug[0m] [0m[0mjsonRpcNotify: JsonRpcNotificationMessage(2.0, build/taskProgress, {"taskId":{"id":"9","parents":[]},"eventTime":1790061369009,"message":"Compiling root (25%)","total":87,"progress":25,"dataKind":"compile-progress","data":{"target":{"uri":"file:/C:/Users/chidi/Desktop/Scala_Project/#root/Compile"}}})[0m
[0m[[0m[0mdebug[0m] [0m[0mjsonRpcNotify: JsonRpcNotificationMessage(2.0, build/taskProgress, {"taskId":{"id":"9","parents":[]},"eventTime":1790061369024,"message":"Compiling root (30%)","total":84,"progress":30,"dataKind":"compile-progress","data":{"target":{"uri":"file:/C:/Users/chidi/Desktop/Scala_Project/#root/Compile"}}})[0m
[0m[[0m[0mdebug[0m] [0m[0mjsonRpcNotify: JsonRpcNotificationMessage(2.0, build/taskProgress, {"taskId":{"id":"9","parents":[]},"eventTime":1790061369034,"message":"Compiling root (35%)","total":84,"progress":35,"dataKind":"compile-progress","data":{"target":{"uri":"file:/C:/Users/chidi/Desktop/Scala_Project/#root/Compile"}}})[0m
[0m[[0m[0mdebug[0m] [0m[0mjsonRpcNotify: JsonRpcNotificationMessage(2.0, build/taskProgress, {"taskId":{"id":"9","parents":[]},"eventTime":1790061369035,"message":"Compiling root (35%)","total":84,"progress":35,"dataKind":"compile-progress","data":{"target":{"uri":"file:/C:/Users/chidi/Desktop/Scala_Project/#root/Compile"}}})[0m
[0m[[0m[0mdebug[0m] [0m[0mjsonRpcNotify: JsonRpcNotificationMessage(2.0, build/taskProgress, {"taskId":{"id":"9","parents":[]},"eventTime":1790061369035,"message":"Compiling root (40%)","total":84,"progress":40,"dataKind":"compile-progress","data":{"target":{"uri":"file:/C:/Users/chidi/Desktop/Scala_Project/#root/Compile"}}})[0m
[0m[[0m[0mdebug[0m] [0m[0mjsonRpcNotify: JsonRpcNotificationMessage(2.0, build/taskProgress, {"taskId":{"id":"9","parents":[]},"eventTime":1790061369035,"message":"Compiling root (45%)","total":84,"progress":45,"dataKind":"compile-progress","data":{"target":{"uri":"file:/C:/Users/chidi/Desktop/Scala_Project/#root/Compile"}}})[0m
[0m[[0m[0mdebug[0m] [0m[0mjsonRpcNotify: JsonRpcNotificationMessage(2.0, build/taskProgress, {"taskId":{"id":"9","parents":[]},"eventTime":1790061369036,"message":"Compiling root (50%)","total":84,"progress":50,"dataKind":"compile-progress","data":{"target":{"uri":"file:/C:/Users/chidi/Desktop/Scala_Project/#root/Compile"}}})[0m
[0m[[0m[0mdebug[0m] [0m[0mjsonRpcNotify: JsonRpcNotificationMessage(2.0, build/taskProgress, {"taskId":{"id":"9","parents":[]},"eventTime":1790061369036,"message":"Compiling root (50%)","total":84,"progress":50,"dataKind":"compile-progress","data":{"target":{"uri":"file:/C:/Users/chidi/Desktop/Scala_Project/#root/Compile"}}})[0m
[0m[[0m[0mdebug[0m] [0m[0mjsonRpcNotify: JsonRpcNotificationMessage(2.0, build/taskProgress, {"taskId":{"id":"9","parents":[]},"eventTime":1790061369052,"message":"Compiling root (55%)","total":84,"progress":55,"dataKind":"compile-progress","data":{"target":{"uri":"file:/C:/Users/chidi/Desktop/Scala_Project/#root/Compile"}}})[0m
[0m[[0m[0mdebug[0m] [0m[0mjsonRpcNotify: JsonRpcNotificationMessage(2.0, build/taskProgress, {"taskId":{"id":"9","parents":[]},"eventTime":1790061369055,"message":"Compiling root (60%)","total":81,"progress":60,"dataKind":"compile-progress","data":{"target":{"uri":"file:/C:/Users/chidi/Desktop/Scala_Project/#root/Compile"}}})[0m
[0m[[0m[0mdebug[0m] [0m[0mjsonRpcNotify: JsonRpcNotificationMessage(2.0, build/taskProgress, {"taskId":{"id":"9","parents":[]},"eventTime":1790061369068,"message":"Compiling root (65%)","total":78,"progress":65,"dataKind":"compile-progress","data":{"target":{"uri":"file:/C:/Users/chidi/Desktop/Scala_Project/#root/Compile"}}})[0m
[0m[[0m[0mdebug[0m] [0m[0mjsonRpcNotify: JsonRpcNotificationMessage(2.0, build/taskProgress, {"taskId":{"id":"9","parents":[]},"eventTime":1790061369070,"message":"Compiling root (70%)","total":75,"progress":70,"dataKind":"compile-progress","data":{"target":{"uri":"file:/C:/Users/chidi/Desktop/Scala_Project/#root/Compile"}}})[0m
[0m[[0m[0mdebug[0m] [0m[0mjsonRpcNotify: JsonRpcNotificationMessage(2.0, build/taskProgress, {"taskId":{"id":"9","parents":[]},"eventTime":1790061369178,"message":"Compiling root (80%)","total":75,"progress":80,"dataKind":"compile-progress","data":{"target":{"uri":"file:/C:/Users/chidi/Desktop/Scala_Project/#root/Compile"}}})[0m
[0m[[0m[0mdebug[0m] [0m[0mjsonRpcNotify: JsonRpcNotificationMessage(2.0, build/taskProgress, {"taskId":{"id":"9","parents":[]},"eventTime":1790061369179,"message":"Compiling root (80%)","total":75,"progress":80,"dataKind":"compile-progress","data":{"target":{"uri":"file:/C:/Users/chidi/Desktop/Scala_Project/#root/Compile"}}})[0m
[0m[[0m[0mdebug[0m] [0m[0mjsonRpcNotify: JsonRpcNotificationMessage(2.0, build/taskProgress, {"taskId":{"id":"9","parents":[]},"eventTime":1790061369196,"message":"Compiling root (85%)","total":75,"progress":85,"dataKind":"compile-progress","data":{"target":{"uri":"file:/C:/Users/chidi/Desktop/Scala_Project/#root/Compile"}}})[0m
[0m[[0m[0mdebug[0m] [0m[0mjsonRpcNotify: JsonRpcNotificationMessage(2.0, build/taskProgress, {"taskId":{"id":"9","parents":[]},"eventTime":1790061369209,"message":"Compiling root (90%)","total":75,"progress":90,"dataKind":"compile-progress","data":{"target":{"uri":"file:/C:/Users/chidi/Desktop/Scala_Project/#root/Compile"}}})[0m
[0m[[0m[0mdebug[0m] [0m[0mjsonRpcNotify: JsonRpcNotificationMessage(2.0, build/taskProgress, {"taskId":{"id":"9","parents":[]},"eventTime":1790061369338,"message":"Compiling root (100%)","total":75,"progress":100,"dataKind":"compile-progress","data":{"target":{"uri":"file:/C:/Users/chidi/Desktop/Scala_Project/#root/Compile"}}})[0m
[0m[[0m[0mdebug[0m] [0m[0mjsonRpcNotify: JsonRpcNotificationMessage(2.0, build/publishDiagnostics, {"textDocument":{"uri":"file:///C:/Users/chidi/Desktop/Scala_Project/Main.scala"},"buildTarget":{"uri":"file:/C:/Users/chidi/Desktop/Scala_Project/#root/Compile"},"diagnostics":[],"reset":true})[0m
[0m[[0m[0mdebug[0m] [0m[0mjsonRpcNotify: JsonRpcNotificationMessage(2.0, build/publishDiagnostics, {"textDocument":{"uri":"file:///C:/Users/chidi/Desktop/Scala_Project/model/Deck.scala"},"buildTarget":{"uri":"file:/C:/Users/chidi/Desktop/Scala_Project/#root/Compile"},"diagnostics":[],"reset":true})[0m
[0m[[0m[0mdebug[0m] [0m[0mjsonRpcNotify: JsonRpcNotificationMessage(2.0, build/taskFinish, {"taskId":{"id":"9","parents":[]},"eventTime":1790061369428,"message":"Compiled root","status":1,"dataKind":"compile-report","data":{"target":{"uri":"file:/C:/Users/chidi/Desktop/Scala_Project/#root/Compile"},"errors":0,"warnings":0,"time":668,"noOp":false}})[0m
[0m[[0m[0mdebug[0m] [0m[0mjsonRpcNotify: JsonRpcNotificationMessage(2.0, sbt/clientJob, {"runInfo":{"jvm":true,"jvmRunInfo":{"args":[],"classpath":[{"path":"file:///C:/Users/chidi/Desktop/Scala_Project/target/bg-jobs/sbt_5cca55a1/job-3/target/4af79d98/715d83e7/scala_poker_simulator_3-0.1.0-SNAPSHOT.jar","digest":""},{"path":"file:///C:/Users/chidi/Desktop/Scala_Project/target/bg-jobs/sbt_5cca55a1/target/5b7d0e72/5eab82c4/scala3-library_3-3.7.3.jar","digest":""},{"path":"file:///C:/Users/chidi/Desktop/Scala_Project/target/bg-jobs/sbt_5cca55a1/target/6064c69e/fad3f224/scala-library-2.13.16.jar","digest":""}],"mainClass":"main","connectInput":true,"javaHome":"file:///C:/Program%20Files/Java/jdk-21","workingDirectory":"file:///C:/Users/chidi/Desktop/Scala_Project","jvmOptions":[],"environmentVariables":{},"inputs":[],"outputs":[]},"windowTitle":"sbt run: scala_poker_simulator % Scala_Poker_Simulator % 0.1.0-SNAPSHOT"}})[0m
[0m[[0m[0mdebug[0m] [0m[0m> Exec(sbtCompleteExec 1f43464b-b1ad-4cf6-b592-33aa82e6daf3, None, None)[0m
[0m[[0m[0mdebug[0m] [0m[0m> Exec(resumeFromFailure, None, None)[0m
[0m[[0m[0mdebug[0m] [0m[0m> Exec(sbtPopOnFailure, None, None)[0m
[0m[[0m[0mdebug[0m] [0m[0m> Exec(sbtReportResult 1f43464b-b1ad-4cf6-b592-33aa82e6daf3, Some(1f43464b-b1ad-4cf6-b592-33aa82e6daf3), Some(CommandSource(network-10)))[0m
[0m[[0m[0mdebug[0m] [0m[0mjsonRpcNotify: JsonRpcNotificationMessage(2.0, build/logMessage, {"type":4,"message":"Processing sbt/exec"})[0m
[0m[[0m[0mdebug[0m] [0m[0m> Exec(shell, None, None)[0m
[0m[[0m[0mdebug[0m] [0m[0mjsonRpcNotify: JsonRpcNotificationMessage(2.0, shutdown, [false,null])[0m
